Q01_STATE_DOMAIN_IS_CLOSED
unsat
Q02_FIXED_WIDTH_IS_PLATFORM_INDEPENDENT
unsat
Q03_HEADER_MISMATCH_IS_REJECTED
unsat
Q04_TRAILING_BYTES_ARE_REJECTED
unsat
Q05_OVERFLOW_IS_REJECTED
unsat
Q06_OVERSIZE_BYTES_HAVE_NO_ALLOCATION
unsat
Q07_COUNT_LIMITS_HAVE_NO_ALLOCATION
unsat
Q08_WORK_BOUND_IS_MONOTONE
unsat
Q09_CANCELLED_RESULT_IS_UNPUBLISHED
unsat
Q10_EXACT_RESERVE_FOLLOWS_ADMISSION
unsat
Q11_FOREIGN_CODEC_IS_REJECTED
unsat
Q12_KEY_REENCODE_IS_EXACT
unsat
Q13_KEY_COLLISION_IS_REJECTED
unsat
Q14_PLAN_FIELD_CHANGE_BREAKS_EQUALITY
unsat
Q15_PLAN_ROUND_TRIP_IS_EXACT
unsat
Q16_CANONICAL_REENCODE_IS_UNIQUE
unsat
Q17_DEPENDENCY_ENDPOINT_IS_IN_RANGE
unsat
Q18_DEPENDENCIES_ARE_STRICTLY_ORDERED
unsat
Q19_EFFECTS_ARE_STRICTLY_ORDERED
unsat
Q20_INVALID_UTF8_IS_REJECTED
unsat
Q21_DIGEST_DOMAINS_DIFFER
unsat
Q22_DIGEST_OMISSION_CHANGES_CONTROL
unsat
Q23_DIGEST_MISMATCH_HAS_NO_RESULT
unsat
Q24_FOREIGN_PLAN_IS_REJECTED
unsat
Q25_DIGEST_MATCH_CANNOT_HIDE_PLAN_MISMATCH
unsat
Q26_CHECKPOINT_COUNTS_ARE_BOUNDED
unsat
Q27_SUCCESS_EVENTS_FORM_PREFIX
unsat
Q28_TERMINAL_EVENT_IS_UNIQUE_LAST
unsat
Q29_CURSOR_IS_DERIVED
unsat
Q30_RECEIPTS_FORM_PREFIX
unsat
Q31_UNKNOWN_EVENT_KIND_IS_REJECTED
unsat
Q32_CHECKPOINT_HAS_NO_PAYLOAD_FIELD
unsat
Q33_CHECKPOINT_ROUND_TRIP_IS_EXACT
unsat
Q34_REPLAY_OBSERVATION_MATCHES_SERIAL
unsat
Q35_REPLAY_BYTES_ARE_STABLE
unsat
Q36_STACK_MEASURE_IS_CONSTANT
unsat
Q37_WORK_AND_HEAP_ARE_LINEAR
unsat
Q38_CONCURRENT_RESULTS_ARE_EQUAL
unsat
Q39_MALFORMED_INPUT_HAS_NO_PUBLICATION
unsat
CONTROL_VALID_COUNTS_EXIST
sat
CONTROL_OVERSIZE_INPUT_EXISTS
sat
CONTROL_CANCELLATION_THRESHOLD_EXISTS
sat
